2026-07-17 12:50:20 | INFO | ML | === RUN START ===
2026-07-17 12:50:20 | INFO | ML | project=ML
2026-07-17 12:50:20 | INFO | ML | repo_dir=ml-03-classification
2026-07-17 12:50:20 | INFO | ML | python=3.14.3
2026-07-17 12:50:20 | INFO | ML | os=Windows 11
2026-07-17 12:50:20 | INFO | ML | shell=powershell
2026-07-17 12:50:20 | INFO | ML | cwd=.
2026-07-17 12:50:20 | INFO | ML | github_actions=False
2026-07-17 12:50:20 | INFO | ML | === RUN START ===
2026-07-17 12:50:20 | INFO | ML | project=ML
2026-07-17 12:50:20 | INFO | ML | repo_dir=ml-03-classification
2026-07-17 12:50:20 | INFO | ML | python=3.14.3
2026-07-17 12:50:20 | INFO | ML | os=Windows 11
2026-07-17 12:50:20 | INFO | ML | shell=powershell
2026-07-17 12:50:20 | INFO | ML | cwd=.
2026-07-17 12:50:20 | INFO | ML | github_actions=False
2026-07-17 12:50:20 | INFO | ML | ========================
2026-07-17 12:50:20 | INFO | ML | START main()
2026-07-17 12:50:20 | INFO | ML | ========================
2026-07-17 12:50:20 | INFO | ML | Load dataset..............
2026-07-17 12:50:20 | INFO | ML | Loading dataset: hours_scores_case
2026-07-17 12:50:20 | INFO | ML | Loaded: 10 rows, 6 columns
2026-07-17 12:50:20 | DEBUG | ML | 
   hours_studied  practice_quizzes  attendance_pct  sleep_hours  prior_score  score
0            2.0                 1              72          6.0           58     62
1            3.5                 2              80          6.5           61     68
2            4.0                 3              85          7.0           64     72
3            5.0                 3              88          7.5           66     76
4            6.0                 4              90          7.0           70     81
2026-07-17 12:50:20 | INFO | ML | Inspect dataset...........
2026-07-17 12:50:20 | INFO | ML | Column names
2026-07-17 12:50:20 | DEBUG | ML | ['hours_studied', 'practice_quizzes', 'attendance_pct', 'sleep_hours', 'prior_score', 'score']
2026-07-17 12:50:20 | INFO | ML | DataFrame info
2026-07-17 12:50:20 | INFO | ML | Dataset shape: 10 rows, 6 columns
2026-07-17 12:50:20 | INFO | ML | Check data quality........
2026-07-17 12:50:20 | INFO | ML | Missing values by column
2026-07-17 12:50:20 | DEBUG | ML | 
hours_studied       0
practice_quizzes    0
attendance_pct      0
sleep_hours         0
prior_score         0
score               0
dtype: int64
2026-07-17 12:50:20 | INFO | ML | Duplicate row count: 0
2026-07-17 12:50:20 | INFO | ML | Create clean view.........
2026-07-17 12:50:20 | INFO | ML | Creating clean modeling view
2026-07-17 12:50:20 | INFO | ML | Clean view: 10 rows, 6 columns
2026-07-17 12:50:20 | INFO | ML | Train supervised model....
2026-07-17 12:50:20 | INFO | ML | Training LinearRegression model
2026-07-17 12:50:20 | INFO | ML | Mean absolute error: 0.48
2026-07-17 12:50:20 | INFO | ML | R-squared: 1.00
2026-07-17 12:50:20 | INFO | ML | Predict one case..........
2026-07-17 12:50:20 | INFO | ML | Predicting one new case
2026-07-17 12:50:20 | INFO | ML | New case:
   hours_studied  practice_quizzes  attendance_pct  sleep_hours  prior_score
0            6.5                 4              92          7.0           72
2026-07-17 12:50:20 | INFO | ML | Predicted score: 83.4
2026-07-17 12:50:20 | INFO | ML | Create charts.............
2026-07-17 12:50:20 | INFO | ML | Creating chart: hours studied vs score
2026-07-17 12:50:21 | INFO | ML | Creating chart: model coefficients
2026-07-17 12:50:22 | INFO | ML | Got a figure Figure(900x500) and axes Axes(0.125,0.11;0.775x0.77) from plt.subplots().
2026-07-17 12:50:22 | INFO | ML | Summarize workflow........
2026-07-17 12:50:22 | INFO | ML | ========================
2026-07-17 12:50:22 | INFO | ML | SUMMARY
2026-07-17 12:50:22 | INFO | ML | ========================
2026-07-17 12:50:22 | INFO | ML | Dataset: hours_scores_case
2026-07-17 12:50:22 | INFO | ML | Original rows: 10
2026-07-17 12:50:22 | INFO | ML | Clean rows: 10
2026-07-17 12:50:22 | INFO | ML | Features: ['hours_studied', 'practice_quizzes', 'attendance_pct', 'sleep_hours', 'prior_score']
2026-07-17 12:50:22 | INFO | ML | Target: score
2026-07-17 12:50:22 | INFO | ML | ----- in a script, call plt.show() once at the end to display all charts -----
2026-07-17 12:50:22 | INFO | ML | ----- in a script, CLOSE the chart windows with the close button to CONTINUE -----
2026-07-17 12:50:28 | INFO | ML | Workflow complete
2026-07-17 12:50:28 | INFO | ML | IMPORTANT: This script creates chart windows.
2026-07-17 12:50:28 | INFO | ML | Close chart windows and terminate this process with CTRL+c as needed.
2026-07-17 12:50:28 | INFO | ML | ========================
2026-07-17 12:50:28 | INFO | ML | Executed successfully!
2026-07-17 12:50:28 | INFO | ML | ========================
2026-07-17 12:50:34 | INFO | M03 | === RUN START ===
2026-07-17 12:50:34 | INFO | M03 | project=M03
2026-07-17 12:50:34 | INFO | M03 | repo_dir=ml-03-classification
2026-07-17 12:50:34 | INFO | M03 | python=3.14.3
2026-07-17 12:50:34 | INFO | M03 | os=Windows 11
2026-07-17 12:50:34 | INFO | M03 | shell=powershell
2026-07-17 12:50:34 | INFO | M03 | cwd=notebooks
2026-07-17 12:50:34 | INFO | M03 | github_actions=False
2026-07-17 12:50:34 | INFO | M03 | Confirming installation:
2026-07-17 12:50:34 | INFO | M03 |   python:       3.14.3
2026-07-17 12:50:34 | INFO | M03 |   pandas:       3.0.3
2026-07-17 12:50:34 | INFO | M03 |   numpy:        2.5.1
2026-07-17 12:50:34 | INFO | M03 |   scikit-learn: 1.9.0
2026-07-17 12:50:34 | INFO | M03 |   seaborn:      0.13.2
2026-07-17 12:50:34 | INFO | M03 |   matplotlib:   3.11.0
2026-07-17 12:50:34 | INFO | M03 | Loading dataset: penguins
2026-07-17 12:50:34 | INFO | M03 | Loaded: 344 rows (instances), 7 columns
2026-07-17 12:50:34 | INFO | M03 | Original rows: 344
2026-07-17 12:50:34 | INFO | M03 | Model rows:    342
2026-07-17 12:50:34 | INFO | M03 | Classes in target 'species': ['Adelie', 'Chinstrap', 'Gentoo']
2026-07-17 12:50:34 | DEBUG | M03 | Class counts:
species
Adelie       151
Gentoo       123
Chinstrap     68
Name: count, dtype: int64
2026-07-17 12:50:34 | INFO | M03 | Train instances: 273
2026-07-17 12:50:34 | INFO | M03 | Test instances: 69
2026-07-17 12:50:34 | INFO | M03 | Fitting DecisionTreeClassifier(max_depth=3)
2026-07-17 12:50:35 | INFO | M03 | Test accuracy: 0.986
2026-07-17 12:50:35 | INFO | M03 | Per-class precision / recall / F1:
2026-07-17 12:50:35 | DEBUG | M03 | 
              precision    recall  f1-score   support

      Adelie       0.97      1.00      0.98        30
   Chinstrap       1.00      0.93      0.96        14
      Gentoo       1.00      1.00      1.00        25

    accuracy                           0.99        69
   macro avg       0.99      0.98      0.98        69
weighted avg       0.99      0.99      0.99        69

2026-07-17 12:50:35 | INFO | M03 | Showing confusion matrix (rows = actual, cols = predicted)
2026-07-17 12:50:35 | DEBUG | M03 |   depth= 1  train=0.791  test=0.797
2026-07-17 12:50:35 | DEBUG | M03 |   depth= 2  train=0.960  test=0.986
2026-07-17 12:50:35 | DEBUG | M03 |   depth= 3  train=0.967  test=0.986
2026-07-17 12:50:35 | DEBUG | M03 |   depth= 4  train=0.989  test=1.000
2026-07-17 12:50:35 | DEBUG | M03 |   depth= 5  train=0.996  test=1.000
2026-07-17 12:50:35 | DEBUG | M03 |   depth= 6  train=0.996  test=1.000
2026-07-17 12:50:35 | DEBUG | M03 |   depth= 7  train=1.000  test=1.000
2026-07-17 12:50:35 | DEBUG | M03 |   depth= 8  train=1.000  test=1.000
2026-07-17 12:50:35 | DEBUG | M03 |   depth= 9  train=1.000  test=1.000
2026-07-17 12:50:35 | DEBUG | M03 |   depth=10  train=1.000  test=1.000
2026-07-17 12:50:35 | DEBUG | M03 |   depth=11  train=1.000  test=1.000
2026-07-17 12:50:35 | DEBUG | M03 |   depth=12  train=1.000  test=1.000
2026-07-17 12:50:35 | INFO | M03 | ========================
2026-07-17 12:50:35 | INFO | M03 | SUMMARY
2026-07-17 12:50:36 | INFO | M03 | ========================
2026-07-17 12:50:36 | INFO | M03 | Dataset:   penguins
2026-07-17 12:50:36 | INFO | M03 | Target:    species  (classification)
2026-07-17 12:50:36 | INFO | M03 | Features:  ['bill_length_mm', 'bill_depth_mm', 'flipper_length_mm', 'body_mass_g']
2026-07-17 12:50:36 | INFO | M03 | Model:     DecisionTreeClassifier(max_depth=3)
2026-07-17 12:50:36 | INFO | M03 | ========================
2026-07-20 16:15:20 | INFO | M03 | === RUN START ===
2026-07-20 16:15:20 | INFO | M03 | project=M03
2026-07-20 16:15:20 | INFO | M03 | repo_dir=ml-03-classification
2026-07-20 16:15:20 | INFO | M03 | python=3.14.3
2026-07-20 16:15:20 | INFO | M03 | os=Windows 11
2026-07-20 16:15:20 | INFO | M03 | shell=powershell
2026-07-20 16:15:20 | INFO | M03 | cwd=notebooks
2026-07-20 16:15:20 | INFO | M03 | github_actions=False
2026-07-20 16:15:20 | INFO | M03 | Confirming installation:
2026-07-20 16:15:20 | INFO | M03 |   python:       3.14.3
2026-07-20 16:15:20 | INFO | M03 |   pandas:       3.0.3
2026-07-20 16:15:20 | INFO | M03 |   numpy:        2.5.1
2026-07-20 16:15:20 | INFO | M03 |   scikit-learn: 1.9.0
2026-07-20 16:15:20 | INFO | M03 |   seaborn:      0.13.2
2026-07-20 16:15:20 | INFO | M03 |   matplotlib:   3.11.0
2026-07-20 16:15:20 | INFO | M03 | Loading dataset: penguins
2026-07-20 16:15:20 | INFO | M03 | Loaded: 344 rows (instances), 7 columns
2026-07-20 16:15:20 | INFO | M03 | Original rows: 344
2026-07-20 16:15:20 | INFO | M03 | Model rows:    333
2026-07-20 16:15:20 | INFO | M03 | Classes in target 'sex': ['Female', 'Male']
2026-07-20 16:15:20 | DEBUG | M03 | Class counts:
sex
Male      168
Female    165
Name: count, dtype: int64
2026-07-20 16:15:20 | INFO | M03 | Train instances: 266
2026-07-20 16:15:20 | INFO | M03 | Test instances: 67
2026-07-20 16:15:20 | INFO | M03 | Fitting DecisionTreeClassifier(max_depth=3)
2026-07-20 16:15:20 | INFO | M03 | Test accuracy: 0.851
2026-07-20 16:15:20 | INFO | M03 | Per-class precision / recall / F1:
2026-07-20 16:15:20 | DEBUG | M03 | 
              precision    recall  f1-score   support

      Female       0.96      0.73      0.83        33
        Male       0.79      0.97      0.87        34

    accuracy                           0.85        67
   macro avg       0.87      0.85      0.85        67
weighted avg       0.87      0.85      0.85        67

2026-07-20 16:15:20 | INFO | M03 | Showing confusion matrix (rows = actual, cols = predicted)
2026-07-20 16:15:21 | DEBUG | M03 |   depth= 1  train=0.726  test=0.716
2026-07-20 16:15:21 | DEBUG | M03 |   depth= 2  train=0.891  test=0.821
2026-07-20 16:15:21 | DEBUG | M03 |   depth= 3  train=0.906  test=0.851
2026-07-20 16:15:21 | DEBUG | M03 |   depth= 4  train=0.925  test=0.836
2026-07-20 16:15:21 | DEBUG | M03 |   depth= 5  train=0.966  test=0.896
2026-07-20 16:15:21 | DEBUG | M03 |   depth= 6  train=0.981  test=0.881
2026-07-20 16:15:21 | DEBUG | M03 |   depth= 7  train=0.989  test=0.881
2026-07-20 16:15:21 | DEBUG | M03 |   depth= 8  train=0.989  test=0.881
2026-07-20 16:15:21 | DEBUG | M03 |   depth= 9  train=0.996  test=0.851
2026-07-20 16:15:21 | DEBUG | M03 |   depth=10  train=1.000  test=0.881
2026-07-20 16:15:21 | DEBUG | M03 |   depth=11  train=1.000  test=0.881
2026-07-20 16:15:21 | DEBUG | M03 |   depth=12  train=1.000  test=0.881
2026-07-20 16:15:21 | INFO | M03 | ========================
2026-07-20 16:15:21 | INFO | M03 | SUMMARY
2026-07-20 16:15:21 | INFO | M03 | ========================
2026-07-20 16:15:21 | INFO | M03 | Dataset:   penguins
2026-07-20 16:15:21 | INFO | M03 | Target:    sex  (classification)
2026-07-20 16:15:21 | INFO | M03 | Features:  ['flipper_length_mm', 'bill_depth_mm', 'body_mass_g']
2026-07-20 16:15:21 | INFO | M03 | Model:     DecisionTreeClassifier(max_depth=3)
2026-07-20 16:15:21 | INFO | M03 | ========================
2026-07-20 16:18:24 | INFO | M03 | === RUN START ===
2026-07-20 16:18:24 | INFO | M03 | project=M03
2026-07-20 16:18:24 | INFO | M03 | repo_dir=ml-03-classification
2026-07-20 16:18:24 | INFO | M03 | python=3.14.3
2026-07-20 16:18:24 | INFO | M03 | os=Windows 11
2026-07-20 16:18:24 | INFO | M03 | shell=powershell
2026-07-20 16:18:24 | INFO | M03 | cwd=notebooks
2026-07-20 16:18:24 | INFO | M03 | github_actions=False
2026-07-20 16:18:24 | INFO | M03 | Confirming installation:
2026-07-20 16:18:24 | INFO | M03 |   python:       3.14.3
2026-07-20 16:18:24 | INFO | M03 |   pandas:       3.0.3
2026-07-20 16:18:24 | INFO | M03 |   numpy:        2.5.1
2026-07-20 16:18:24 | INFO | M03 |   scikit-learn: 1.9.0
2026-07-20 16:18:24 | INFO | M03 |   seaborn:      0.13.2
2026-07-20 16:18:24 | INFO | M03 |   matplotlib:   3.11.0
2026-07-20 16:18:24 | INFO | M03 | Loading dataset: penguins
2026-07-20 16:18:24 | INFO | M03 | Loaded: 344 rows (instances), 7 columns
2026-07-20 16:18:24 | INFO | M03 | Original rows: 344
2026-07-20 16:18:24 | INFO | M03 | Model rows:    333
2026-07-20 16:18:24 | INFO | M03 | Classes in target 'sex': ['Female', 'Male']
2026-07-20 16:18:24 | DEBUG | M03 | Class counts:
sex
Male      168
Female    165
Name: count, dtype: int64
2026-07-20 16:18:24 | INFO | M03 | Train instances: 266
2026-07-20 16:18:24 | INFO | M03 | Test instances: 67
2026-07-20 16:18:24 | INFO | M03 | Fitting DecisionTreeClassifier(max_depth=5)
2026-07-20 16:18:24 | INFO | M03 | Test accuracy: 0.896
2026-07-20 16:18:24 | INFO | M03 | Per-class precision / recall / F1:
2026-07-20 16:18:24 | DEBUG | M03 | 
              precision    recall  f1-score   support

      Female       0.91      0.88      0.89        33
        Male       0.89      0.91      0.90        34

    accuracy                           0.90        67
   macro avg       0.90      0.90      0.90        67
weighted avg       0.90      0.90      0.90        67

2026-07-20 16:18:24 | INFO | M03 | Showing confusion matrix (rows = actual, cols = predicted)
2026-07-20 16:18:24 | DEBUG | M03 |   depth= 1  train=0.726  test=0.716
2026-07-20 16:18:24 | DEBUG | M03 |   depth= 2  train=0.891  test=0.821
2026-07-20 16:18:24 | DEBUG | M03 |   depth= 3  train=0.906  test=0.851
2026-07-20 16:18:24 | DEBUG | M03 |   depth= 4  train=0.925  test=0.836
2026-07-20 16:18:24 | DEBUG | M03 |   depth= 5  train=0.966  test=0.896
2026-07-20 16:18:24 | DEBUG | M03 |   depth= 6  train=0.981  test=0.881
2026-07-20 16:18:24 | DEBUG | M03 |   depth= 7  train=0.989  test=0.881
2026-07-20 16:18:24 | DEBUG | M03 |   depth= 8  train=0.989  test=0.881
2026-07-20 16:18:24 | DEBUG | M03 |   depth= 9  train=0.996  test=0.851
2026-07-20 16:18:24 | DEBUG | M03 |   depth=10  train=1.000  test=0.881
2026-07-20 16:18:24 | DEBUG | M03 |   depth=11  train=1.000  test=0.881
2026-07-20 16:18:24 | DEBUG | M03 |   depth=12  train=1.000  test=0.881
2026-07-20 16:18:25 | INFO | M03 | ========================
2026-07-20 16:18:25 | INFO | M03 | SUMMARY
2026-07-20 16:18:25 | INFO | M03 | ========================
2026-07-20 16:18:25 | INFO | M03 | Dataset:   penguins
2026-07-20 16:18:25 | INFO | M03 | Target:    sex  (classification)
2026-07-20 16:18:25 | INFO | M03 | Features:  ['flipper_length_mm', 'bill_depth_mm', 'body_mass_g']
2026-07-20 16:18:25 | INFO | M03 | Model:     DecisionTreeClassifier(max_depth=5)
2026-07-20 16:18:25 | INFO | M03 | ========================
2026-07-20 19:17:27 | INFO | M01 | === RUN START ===
2026-07-20 19:17:27 | INFO | M01 | project=M01
2026-07-20 19:17:27 | INFO | M01 | repo_dir=ml-03-classification
2026-07-20 19:17:27 | INFO | M01 | python=3.14.3
2026-07-20 19:17:27 | INFO | M01 | os=Windows 11
2026-07-20 19:17:27 | INFO | M01 | shell=powershell
2026-07-20 19:17:27 | INFO | M01 | cwd=notebooks\projec03
2026-07-20 19:17:27 | INFO | M01 | github_actions=False
2026-07-20 19:17:27 | INFO | M01 | Confirming installation:
2026-07-20 19:17:27 | INFO | M01 |   python:       3.14.3
2026-07-20 19:17:27 | INFO | M01 |   pandas:       3.0.3
2026-07-20 19:17:27 | INFO | M01 |   numpy:        2.5.1
2026-07-20 19:17:27 | INFO | M01 |   scikit-learn: 1.9.0
2026-07-20 19:17:27 | INFO | M01 |   seaborn:      0.13.2
2026-07-20 19:17:27 | INFO | M01 |   matplotlib:   3.11.0
2026-07-20 19:17:27 | INFO | M01 | Loaded dataset titanic
2026-07-20 19:18:08 | INFO | M01 | === RUN START ===
2026-07-20 19:18:08 | INFO | M01 | project=M01
2026-07-20 19:18:08 | INFO | M01 | repo_dir=ml-03-classification
2026-07-20 19:18:08 | INFO | M01 | python=3.14.3
2026-07-20 19:18:08 | INFO | M01 | os=Windows 11
2026-07-20 19:18:08 | INFO | M01 | shell=powershell
2026-07-20 19:18:08 | INFO | M01 | cwd=notebooks\projec03
2026-07-20 19:18:08 | INFO | M01 | github_actions=False
2026-07-20 19:18:08 | INFO | M01 | Confirming installation:
2026-07-20 19:18:08 | INFO | M01 |   python:       3.14.3
2026-07-20 19:18:08 | INFO | M01 |   pandas:       3.0.3
2026-07-20 19:18:08 | INFO | M01 |   numpy:        2.5.1
2026-07-20 19:18:08 | INFO | M01 |   scikit-learn: 1.9.0
2026-07-20 19:18:08 | INFO | M01 |   seaborn:      0.13.2
2026-07-20 19:18:08 | INFO | M01 |   matplotlib:   3.11.0
2026-07-20 19:18:08 | INFO | M01 | Loaded dataset titanic
2026-07-20 19:18:45 | INFO | M01 | Loading dataset: titanic
2026-07-20 19:18:45 | INFO | M01 | Loaded: 891 rows (instances), 15 columns (features)
2026-07-20 19:23:24 | INFO | M01 | Median age substituted in for missing values
2026-07-20 19:23:24 | INFO | M01 | Number of missing values in column:0
2026-07-20 19:23:31 | INFO | M01 | Missing towns were filled with the most popular, Southampton
2026-07-20 19:23:31 | INFO | M01 | Number of missing values in column:0
2026-07-20 19:23:36 | INFO | M01 | Missing towns were filled with the most popular, S for Southampton
2026-07-20 19:23:36 | INFO | M01 | Number of missing values in column:0
2026-07-20 19:23:50 | INFO | M01 | Missing values by column:
survived         0
pclass           0
sex              0
age              0
sibsp            0
parch            0
fare             0
embarked         0
class            0
who              0
adult_male       0
deck           688
embark_town      0
alive            0
alone            0
dtype: int64
2026-07-20 19:38:14 | INFO | M01 | === RUN START ===
2026-07-20 19:38:14 | INFO | M01 | project=M01
2026-07-20 19:38:14 | INFO | M01 | repo_dir=ml-03-classification
2026-07-20 19:38:14 | INFO | M01 | python=3.14.3
2026-07-20 19:38:14 | INFO | M01 | os=Windows 11
2026-07-20 19:38:14 | INFO | M01 | shell=powershell
2026-07-20 19:38:14 | INFO | M01 | cwd=notebooks\projec03
2026-07-20 19:38:14 | INFO | M01 | github_actions=False
2026-07-20 19:38:14 | INFO | M01 | Confirming installation:
2026-07-20 19:38:14 | INFO | M01 |   python:       3.14.3
2026-07-20 19:38:14 | INFO | M01 |   pandas:       3.0.3
2026-07-20 19:38:14 | INFO | M01 |   numpy:        2.5.1
2026-07-20 19:38:14 | INFO | M01 |   scikit-learn: 1.9.0
2026-07-20 19:38:14 | INFO | M01 |   seaborn:      0.13.2
2026-07-20 19:38:14 | INFO | M01 |   matplotlib:   3.11.0
2026-07-20 19:38:14 | INFO | M01 | Loaded dataset titanic
2026-07-20 19:42:30 | INFO | M01 | === RUN START ===
2026-07-20 19:42:30 | INFO | M01 | project=M01
2026-07-20 19:42:30 | INFO | M01 | repo_dir=ml-03-classification
2026-07-20 19:42:30 | INFO | M01 | python=3.14.3
2026-07-20 19:42:30 | INFO | M01 | os=Windows 11
2026-07-20 19:42:30 | INFO | M01 | shell=powershell
2026-07-20 19:42:30 | INFO | M01 | cwd=notebooks\projec03
2026-07-20 19:42:30 | INFO | M01 | github_actions=False
2026-07-20 19:42:30 | INFO | M01 | Confirming installation:
2026-07-20 19:42:30 | INFO | M01 |   python:       3.14.3
2026-07-20 19:42:30 | INFO | M01 |   pandas:       3.0.3
2026-07-20 19:42:30 | INFO | M01 |   numpy:        2.5.1
2026-07-20 19:42:30 | INFO | M01 |   scikit-learn: 1.9.0
2026-07-20 19:42:30 | INFO | M01 |   seaborn:      0.13.2
2026-07-20 19:42:30 | INFO | M01 |   matplotlib:   3.11.0
2026-07-20 19:42:30 | INFO | M01 | Loaded dataset titanic
2026-07-20 19:43:54 | INFO | M01 | === RUN START ===
2026-07-20 19:43:54 | INFO | M01 | project=M01
2026-07-20 19:43:54 | INFO | M01 | repo_dir=ml-03-classification
2026-07-20 19:43:54 | INFO | M01 | python=3.14.3
2026-07-20 19:43:54 | INFO | M01 | os=Windows 11
2026-07-20 19:43:54 | INFO | M01 | shell=powershell
2026-07-20 19:43:54 | INFO | M01 | cwd=notebooks\projec03
2026-07-20 19:43:54 | INFO | M01 | github_actions=False
2026-07-20 19:43:54 | INFO | M01 | Confirming installation:
2026-07-20 19:43:54 | INFO | M01 |   python:       3.14.3
2026-07-20 19:43:54 | INFO | M01 |   pandas:       3.0.3
2026-07-20 19:43:54 | INFO | M01 |   numpy:        2.5.1
2026-07-20 19:43:54 | INFO | M01 |   scikit-learn: 1.9.0
2026-07-20 19:43:54 | INFO | M01 |   seaborn:      0.13.2
2026-07-20 19:43:54 | INFO | M01 |   matplotlib:   3.11.0
2026-07-20 19:43:54 | INFO | M01 | Loaded dataset titanic
2026-07-20 19:52:26 | INFO | M01 | === RUN START ===
2026-07-20 19:52:26 | INFO | M01 | project=M01
2026-07-20 19:52:26 | INFO | M01 | repo_dir=ml-03-classification
2026-07-20 19:52:26 | INFO | M01 | python=3.14.3
2026-07-20 19:52:26 | INFO | M01 | os=Windows 11
2026-07-20 19:52:26 | INFO | M01 | shell=powershell
2026-07-20 19:52:26 | INFO | M01 | cwd=notebooks\projec03
2026-07-20 19:52:26 | INFO | M01 | github_actions=False
2026-07-20 19:52:26 | INFO | M01 | Confirming installation:
2026-07-20 19:52:26 | INFO | M01 |   python:       3.14.3
2026-07-20 19:52:26 | INFO | M01 |   pandas:       3.0.3
2026-07-20 19:52:26 | INFO | M01 |   numpy:        2.5.1
2026-07-20 19:52:26 | INFO | M01 |   scikit-learn: 1.9.0
2026-07-20 19:52:26 | INFO | M01 |   seaborn:      0.13.2
2026-07-20 19:52:26 | INFO | M01 |   matplotlib:   3.11.0
2026-07-20 19:52:26 | INFO | M01 | Loaded dataset titanic
2026-07-20 20:37:24 | INFO | M01 | === RUN START ===
2026-07-20 20:37:24 | INFO | M01 | project=M01
2026-07-20 20:37:24 | INFO | M01 | repo_dir=ml-03-classification
2026-07-20 20:37:24 | INFO | M01 | python=3.14.3
2026-07-20 20:37:24 | INFO | M01 | os=Windows 11
2026-07-20 20:37:24 | INFO | M01 | shell=powershell
2026-07-20 20:37:24 | INFO | M01 | cwd=notebooks\projec03
2026-07-20 20:37:24 | INFO | M01 | github_actions=False
2026-07-20 20:37:24 | INFO | M01 | Confirming installation:
2026-07-20 20:37:24 | INFO | M01 |   python:       3.14.3
2026-07-20 20:37:24 | INFO | M01 |   pandas:       3.0.3
2026-07-20 20:37:24 | INFO | M01 |   numpy:        2.5.1
2026-07-20 20:37:24 | INFO | M01 |   scikit-learn: 1.9.0
2026-07-20 20:37:24 | INFO | M01 |   seaborn:      0.13.2
2026-07-20 20:37:24 | INFO | M01 |   matplotlib:   3.11.0
2026-07-20 20:37:24 | INFO | M01 | Loaded dataset titanic
2026-07-21 12:33:12 | INFO | M01 | === RUN START ===
2026-07-21 12:33:12 | INFO | M01 | project=M01
2026-07-21 12:33:12 | INFO | M01 | repo_dir=ml-03-classification
2026-07-21 12:33:12 | INFO | M01 | python=3.14.3
2026-07-21 12:33:12 | INFO | M01 | os=Windows 11
2026-07-21 12:33:12 | INFO | M01 | shell=powershell
2026-07-21 12:33:12 | INFO | M01 | cwd=notebooks\project03
2026-07-21 12:33:12 | INFO | M01 | github_actions=False
2026-07-21 12:33:12 | INFO | M01 | Confirming installation:
2026-07-21 12:33:12 | INFO | M01 |   python:       3.14.3
2026-07-21 12:33:12 | INFO | M01 |   pandas:       3.0.3
2026-07-21 12:33:12 | INFO | M01 |   numpy:        2.5.1
2026-07-21 12:33:12 | INFO | M01 |   scikit-learn: 1.9.0
2026-07-21 12:33:12 | INFO | M01 |   seaborn:      0.13.2
2026-07-21 12:33:12 | INFO | M01 |   matplotlib:   3.11.0
2026-07-21 12:33:12 | INFO | M01 | Loaded dataset titanic
2026-07-21 12:33:12 | INFO | M01 | Loading dataset: titanic
2026-07-21 12:33:12 | INFO | M01 | Loaded: 891 rows (instances), 15 columns (features)
2026-07-21 12:33:12 | INFO | M01 | Median age substituted in for missing values
2026-07-21 12:33:12 | INFO | M01 | Number of missing values in column:0
2026-07-21 12:33:12 | INFO | M01 | Missing towns were filled with the most popular, Southampton
2026-07-21 12:33:12 | INFO | M01 | Number of missing values in column:0
2026-07-21 12:33:12 | INFO | M01 | Missing towns were filled with the most popular, S for Southampton
2026-07-21 12:33:12 | INFO | M01 | Number of missing values in column:0
2026-07-21 12:33:12 | INFO | M01 | Missing values by column:
survived         0
pclass           0
sex              0
age              0
sibsp            0
parch            0
fare             0
embarked         0
class            0
who              0
adult_male       0
deck           688
embark_town      0
alive            0
alone            0
dtype: int64
